# YDSTime SatTGDs(格式: SatID=TGD(m))
2025   1      0 GPS 
2025   1     30 GPS 
2025   1     60 GPS 
2025   1     90 GPS 
2025   1    120 GPS 
2025   1    150 GPS 
2025   1    180 GPS 
2025   1    210 GPS 
2025   1    240 GPS 
2025   1    270 GPS 
2025   1    300 GPS 
2025   1    330 GPS 
2025   1    360 GPS 
2025   1    390 GPS 
2025   1    420 GPS 
2025   1    450 GPS 
2025   1    480 GPS 
2025   1    510 GPS 
2025   1    540 GPS 
2025   1    570 GPS 
2025   1    600 GPS 
2025   1    630 GPS 
2025   1    660 GPS 
2025   1    690 GPS 
2025   1    720 GPS 
2025   1    750 GPS 
2025   1    780 GPS 
2025   1    810 GPS 
2025   1    840 GPS 
2025   1    870 GPS 
2025   1    900 GPS 
2025   1    930 GPS 
2025   1    960 GPS 
2025   1    990 GPS 
2025   1   1020 GPS 
2025   1   1050 GPS 
2025   1   1080 GPS 
2025   1   1110 GPS 
2025   1   1140 GPS 
2025   1   1170 GPS 
2025   1   1200 GPS 
2025   1   1230 GPS 
2025   1   1260 GPS 
2025   1   1290 GPS 
2025   1   1320 GPS 
2025   1   1350 GPS 
2025   1   1380 GPS 
2025   1   1410 GPS 
2025   1   1440 GPS 
2025   1   1470 GPS 
2025   1   1500 GPS 
2025   1   1530 GPS 
2025   1   1560 GPS 
2025   1   1590 GPS 
2025   1   1620 GPS 
2025   1   1650 GPS 
2025   1   1680 GPS 
2025   1   1710 GPS 
2025   1   1740 GPS 
2025   1   1770 GPS 
2025   1   1800 GPS 
2025   1   1830 GPS 
2025   1   1860 GPS 
2025   1   1890 GPS 
2025   1   1920 GPS 
2025   1   1950 GPS 
2025   1   1980 GPS 
2025   1   2010 GPS 
2025   1   2040 GPS 
2025   1   2070 GPS 
2025   1   2100 GPS 
2025   1   2130 GPS 
2025   1   2160 GPS 
2025   1   2190 GPS 
2025   1   2220 GPS 
2025   1   2250 GPS 
2025   1   2280 GPS 
2025   1   2310 GPS 
2025   1   2340 GPS 
2025   1   2370 GPS 
2025   1   2400 GPS 
2025   1   2430 GPS 
2025   1   2460 GPS 
2025   1   2490 GPS 
2025   1   2520 GPS 
2025   1   2550 GPS 
2025   1   2580 GPS 
2025   1   2610 GPS 
2025   1   2640 GPS 
2025   1   2670 GPS 
2025   1   2700 GPS 
2025   1   2730 GPS 
2025   1   2760 GPS 
2025   1   2790 GPS 
2025   1   2820 GPS 
2025   1   2850 GPS 
2025   1   2880 GPS 
2025   1   2910 GPS 
2025   1   2940 GPS 
2025   1   2970 GPS 
2025   1   3000 GPS 
2025   1   3030 GPS 
2025   1   3060 GPS 
2025   1   3090 GPS 
2025   1   3120 GPS 
2025   1   3150 GPS 
2025   1   3180 GPS 
2025   1   3210 GPS 
2025   1   3240 GPS 
2025   1   3270 GPS 
2025   1   3300 GPS 
2025   1   3330 GPS 
2025   1   3360 GPS 
2025   1   3390 GPS 
2025   1   3420 GPS 
2025   1   3450 GPS 
2025   1   3480 GPS 
2025   1   3510 GPS 
2025   1   3540 GPS 
2025   1   3570 GPS 
2025   1   3600 GPS 
2025   1   3630 GPS 
2025   1   3660 GPS 
2025   1   3690 GPS 
2025   1   3720 GPS 
2025   1   3750 GPS 
2025   1   3780 GPS 
2025   1   3810 GPS 
2025   1   3840 GPS 
2025   1   3870 GPS 
2025   1   3900 GPS 
2025   1   3930 GPS 
2025   1   3960 GPS 
2025   1   3990 GPS 
2025   1   4020 GPS 
2025   1   4050 GPS 
2025   1   4080 GPS 
2025   1   4110 GPS 
2025   1   4140 GPS 
2025   1   4170 GPS 
2025   1   4200 GPS 
2025   1   4230 GPS 
2025   1   4260 GPS 
2025   1   4290 GPS 
2025   1   4320 GPS 
2025   1   4350 GPS 
2025   1   4380 GPS 
2025   1   4410 GPS 
2025   1   4440 GPS 
2025   1   4470 GPS 
2025   1   4500 GPS 
2025   1   4530 GPS 
2025   1   4560 GPS 
2025   1   4590 GPS 
2025   1   4620 GPS 
2025   1   4650 GPS 
2025   1   4680 GPS 
2025   1   4710 GPS 
2025   1   4740 GPS 
2025   1   4770 GPS 
2025   1   4800 GPS 
2025   1   4830 GPS 
2025   1   4860 GPS 
2025   1   4890 GPS 
2025   1   4920 GPS 
2025   1   4950 GPS 
2025   1   4980 GPS 
2025   1   5010 GPS 
2025   1   5040 GPS 
2025   1   5070 GPS 
2025   1   5100 GPS 
2025   1   5130 GPS 
2025   1   5160 GPS 
2025   1   5190 GPS 
2025   1   5220 GPS 
2025   1   5250 GPS 
2025   1   5280 GPS 
2025   1   5310 GPS 
2025   1   5340 GPS 
2025   1   5370 GPS 
2025   1   5400 GPS 
2025   1   5430 GPS 
2025   1   5460 GPS 
2025   1   5490 GPS 
2025   1   5520 GPS 
2025   1   5550 GPS 
2025   1   5580 GPS 
2025   1   5610 GPS 
2025   1   5640 GPS 
2025   1   5670 GPS 
2025   1   5700 GPS 
2025   1   5730 GPS 
2025   1   5760 GPS 
2025   1   5790 GPS 
2025   1   5820 GPS 
2025   1   5850 GPS 
2025   1   5880 GPS 
2025   1   5910 GPS 
2025   1   5940 GPS 
2025   1   5970 GPS 
2025   1   6000 GPS 
2025   1   6030 GPS 
2025   1   6060 GPS 
2025   1   6090 GPS 
2025   1   6120 GPS 
2025   1   6150 GPS 
2025   1   6180 GPS 
2025   1   6210 GPS 
2025   1   6240 GPS 
2025   1   6270 GPS 
2025   1   6300 GPS 
2025   1   6330 GPS 
2025   1   6360 GPS 
2025   1   6390 GPS 
2025   1   6420 GPS 
2025   1   6450 GPS 
2025   1   6480 GPS 
2025   1   6510 GPS 
2025   1   6540 GPS 
2025   1   6570 GPS 
2025   1   6600 GPS 
2025   1   6630 GPS 
2025   1   6660 GPS 
2025   1   6690 GPS 
2025   1   6720 GPS 
2025   1   6750 GPS 
2025   1   6780 GPS 
2025   1   6810 GPS 
2025   1   6840 GPS 
2025   1   6870 GPS 
2025   1   6900 GPS 
2025   1   6930 GPS 
2025   1   6960 GPS 
2025   1   6990 GPS 
2025   1   7020 GPS 
2025   1   7050 GPS 
2025   1   7080 GPS 
2025   1   7110 GPS 
2025   1   7140 GPS 
2025   1   7170 GPS 
2025   1   7200 GPS 
2025   1   7230 GPS 
2025   1   7260 GPS 
2025   1   7290 GPS 
2025   1   7320 GPS 
2025   1   7350 GPS 
2025   1   7380 GPS 
2025   1   7410 GPS 
2025   1   7440 GPS 
2025   1   7470 GPS 
2025   1   7500 GPS 
2025   1   7530 GPS 
2025   1   7560 GPS 
2025   1   7590 GPS 
2025   1   7620 GPS 
2025   1   7650 GPS 
2025   1   7680 GPS 
2025   1   7710 GPS 
2025   1   7740 GPS 
2025   1   7770 GPS 
2025   1   7800 GPS 
2025   1   7830 GPS 
2025   1   7860 GPS 
2025   1   7890 GPS 
2025   1   7920 GPS 
2025   1   7950 GPS 
2025   1   7980 GPS 
2025   1   8010 GPS 
2025   1   8040 GPS 
2025   1   8070 GPS 
2025   1   8100 GPS 
2025   1   8130 GPS 
2025   1   8160 GPS 
2025   1   8190 GPS 
2025   1   8220 GPS 
2025   1   8250 GPS 
2025   1   8280 GPS 
2025   1   8310 GPS 
2025   1   8340 GPS 
2025   1   8370 GPS 
2025   1   8400 GPS 
2025   1   8430 GPS 
2025   1   8460 GPS 
2025   1   8490 GPS 
2025   1   8520 GPS 
2025   1   8550 GPS 
2025   1   8580 GPS 
2025   1   8610 GPS 
2025   1   8640 GPS 
2025   1   8670 GPS 
2025   1   8700 GPS 
2025   1   8730 GPS 
2025   1   8760 GPS 
2025   1   8790 GPS 
2025   1   8820 GPS 
2025   1   8850 GPS 
2025   1   8880 GPS 
2025   1   8910 GPS 
2025   1   8940 GPS 
2025   1   8970 GPS 
2025   1   9000 GPS 
2025   1   9030 GPS 
2025   1   9060 GPS 
2025   1   9090 GPS 
2025   1   9120 GPS 
2025   1   9150 GPS 
2025   1   9180 GPS 
2025   1   9210 GPS 
2025   1   9240 GPS 
2025   1   9270 GPS 
2025   1   9300 GPS 
2025   1   9330 GPS 
2025   1   9360 GPS 
2025   1   9390 GPS 
2025   1   9420 GPS 
2025   1   9450 GPS 
2025   1   9480 GPS 
2025   1   9510 GPS 
2025   1   9540 GPS 
2025   1   9570 GPS 
2025   1   9600 GPS 
2025   1   9630 GPS 
2025   1   9660 GPS 
2025   1   9690 GPS 
2025   1   9720 GPS 
2025   1   9750 GPS 
2025   1   9780 GPS 
2025   1   9810 GPS 
2025   1   9840 GPS 
2025   1   9870 GPS 
2025   1   9900 GPS 
2025   1   9930 GPS 
2025   1   9960 GPS 
2025   1   9990 GPS 
2025   1  10020 GPS 
2025   1  10050 GPS 
2025   1  10080 GPS 
2025   1  10110 GPS 
2025   1  10140 GPS 
2025   1  10170 GPS 
2025   1  10200 GPS 
2025   1  10230 GPS 
2025   1  10260 GPS 
2025   1  10290 GPS 
2025   1  10320 GPS 
2025   1  10350 GPS 
2025   1  10380 GPS 
2025   1  10410 GPS 
2025   1  10440 GPS 
2025   1  10470 GPS 
2025   1  10500 GPS 
2025   1  10530 GPS 
2025   1  10560 GPS 
2025   1  10590 GPS 
2025   1  10620 GPS 
2025   1  10650 GPS 
2025   1  10680 GPS 
2025   1  10710 GPS 
2025   1  10740 GPS 
2025   1  10770 GPS 
2025   1  10800 GPS 
2025   1  10830 GPS 
2025   1  10860 GPS 
2025   1  10890 GPS 
2025   1  10920 GPS 
2025   1  10950 GPS 
2025   1  10980 GPS 
2025   1  11010 GPS 
2025   1  11040 GPS 
2025   1  11070 GPS 
2025   1  11100 GPS 
2025   1  11130 GPS 
2025   1  11160 GPS 
2025   1  11190 GPS 
2025   1  11220 GPS 
2025   1  11250 GPS 
2025   1  11280 GPS 
2025   1  11310 GPS 
2025   1  11340 GPS 
2025   1  11370 GPS 
2025   1  11400 GPS 
2025   1  11430 GPS 
2025   1  11460 GPS 
2025   1  11490 GPS 
2025   1  11520 GPS 
2025   1  11550 GPS 
2025   1  11580 GPS 
2025   1  11610 GPS 
2025   1  11640 GPS 
2025   1  11670 GPS 
2025   1  11700 GPS 
2025   1  11730 GPS 
2025   1  11760 GPS 
2025   1  11790 GPS 
2025   1  11820 GPS 
2025   1  11850 GPS 
2025   1  11880 GPS 
2025   1  11910 GPS 
2025   1  11940 GPS 
2025   1  11970 GPS 
2025   1  12000 GPS 
2025   1  12030 GPS 
2025   1  12060 GPS 
2025   1  12090 GPS 
2025   1  12120 GPS 
2025   1  12150 GPS 
2025   1  12180 GPS 
2025   1  12210 GPS 
2025   1  12240 GPS 
2025   1  12270 GPS 
2025   1  12300 GPS 
2025   1  12330 GPS 
2025   1  12360 GPS 
2025   1  12390 GPS 
2025   1  12420 GPS 
2025   1  12450 GPS 
2025   1  12480 GPS 
2025   1  12510 GPS 
2025   1  12540 GPS 
2025   1  12570 GPS 
2025   1  12600 GPS 
2025   1  12630 GPS 
2025   1  12660 GPS 
2025   1  12690 GPS 
2025   1  12720 GPS 
2025   1  12750 GPS 
2025   1  12780 GPS 
2025   1  12810 GPS 
2025   1  12840 GPS 
2025   1  12870 GPS 
2025   1  12900 GPS 
2025   1  12930 GPS 
2025   1  12960 GPS 
2025   1  12990 GPS 
2025   1  13020 GPS 
2025   1  13050 GPS 
2025   1  13080 GPS 
2025   1  13110 GPS 
2025   1  13140 GPS 
2025   1  13170 GPS 
2025   1  13200 GPS 
2025   1  13230 GPS 
2025   1  13260 GPS 
2025   1  13290 GPS 
2025   1  13320 GPS 
2025   1  13350 GPS 
2025   1  13380 GPS 
2025   1  13410 GPS 
2025   1  13440 GPS 
2025   1  13470 GPS 
2025   1  13500 GPS 
2025   1  13530 GPS 
2025   1  13560 GPS 
2025   1  13590 GPS 
2025   1  13620 GPS 
2025   1  13650 GPS 
2025   1  13680 GPS 
2025   1  13710 GPS 
2025   1  13740 GPS 
2025   1  13770 GPS 
2025   1  13800 GPS 
2025   1  13830 GPS 
2025   1  13860 GPS 
2025   1  13890 GPS 
2025   1  13920 GPS 
2025   1  13950 GPS 
2025   1  13980 GPS 
2025   1  14010 GPS 
2025   1  14040 GPS 
2025   1  14070 GPS 
2025   1  14100 GPS 
2025   1  14130 GPS 
2025   1  14160 GPS 
2025   1  14190 GPS 
2025   1  14220 GPS 
2025   1  14250 GPS 
2025   1  14280 GPS 
2025   1  14310 GPS 
2025   1  14340 GPS 
2025   1  14370 GPS 
2025   1  14400 GPS 
2025   1  14430 GPS 
2025   1  14460 GPS 
2025   1  14490 GPS 
2025   1  14520 GPS 
2025   1  14550 GPS 
2025   1  14580 GPS 
2025   1  14610 GPS 
2025   1  14640 GPS 
2025   1  14670 GPS 
2025   1  14700 GPS 
2025   1  14730 GPS 
2025   1  14760 GPS 
2025   1  14790 GPS 
2025   1  14820 GPS 
2025   1  14850 GPS 
2025   1  14880 GPS 
2025   1  14910 GPS 
2025   1  14940 GPS 
2025   1  14970 GPS 
2025   1  15000 GPS 
2025   1  15030 GPS 
2025   1  15060 GPS 
2025   1  15090 GPS 
2025   1  15120 GPS 
2025   1  15150 GPS 
2025   1  15180 GPS 
2025   1  15210 GPS 
2025   1  15240 GPS 
2025   1  15270 GPS 
2025   1  15300 GPS 
2025   1  15330 GPS 
2025   1  15360 GPS 
2025   1  15390 GPS 
2025   1  15420 GPS 
2025   1  15450 GPS 
2025   1  15480 GPS 
2025   1  15510 GPS 
2025   1  15540 GPS 
2025   1  15570 GPS 
2025   1  15600 GPS 
2025   1  15630 GPS 
2025   1  15660 GPS 
2025   1  15690 GPS 
2025   1  15720 GPS 
2025   1  15750 GPS 
2025   1  15780 GPS 
2025   1  15810 GPS 
2025   1  15840 GPS 
2025   1  15870 GPS 
2025   1  15900 GPS 
2025   1  15930 GPS 
2025   1  15960 GPS 
2025   1  15990 GPS 
2025   1  16020 GPS 
2025   1  16050 GPS 
2025   1  16080 GPS 
2025   1  16110 GPS 
2025   1  16140 GPS 
2025   1  16170 GPS 
2025   1  16200 GPS 
2025   1  16230 GPS 
2025   1  16260 GPS 
2025   1  16290 GPS 
2025   1  16320 GPS 
2025   1  16350 GPS 
2025   1  16380 GPS 
2025   1  16410 GPS 
2025   1  16440 GPS 
2025   1  16470 GPS 
2025   1  16500 GPS 
2025   1  16530 GPS 
2025   1  16560 GPS 
2025   1  16590 GPS 
2025   1  16620 GPS 
2025   1  16650 GPS 
2025   1  16680 GPS 
2025   1  16710 GPS 
2025   1  16740 GPS 
2025   1  16770 GPS 
2025   1  16800 GPS 
2025   1  16830 GPS 
2025   1  16860 GPS 
2025   1  16890 GPS 
2025   1  16920 GPS 
2025   1  16950 GPS 
2025   1  16980 GPS 
2025   1  17010 GPS 
2025   1  17040 GPS 
2025   1  17070 GPS 
2025   1  17100 GPS 
2025   1  17130 GPS 
2025   1  17160 GPS 
2025   1  17190 GPS 
2025   1  17220 GPS 
2025   1  17250 GPS 
2025   1  17280 GPS 
2025   1  17310 GPS 
2025   1  17340 GPS 
2025   1  17370 GPS 
2025   1  17400 GPS 
2025   1  17430 GPS 
2025   1  17460 GPS 
2025   1  17490 GPS 
2025   1  17520 GPS 
2025   1  17550 GPS 
2025   1  17580 GPS 
2025   1  17610 GPS 
2025   1  17640 GPS 
2025   1  17670 GPS 
2025   1  17700 GPS 
2025   1  17730 GPS 
2025   1  17760 GPS 
2025   1  17790 GPS 
2025   1  17820 GPS 
2025   1  17850 GPS 
2025   1  17880 GPS 
2025   1  17910 GPS 
2025   1  17940 GPS 
2025   1  17970 GPS 
2025   1  18000 GPS 
2025   1  18030 GPS 
2025   1  18060 GPS 
2025   1  18090 GPS 
2025   1  18120 GPS 
2025   1  18150 GPS 
2025   1  18180 GPS 
2025   1  18210 GPS 
2025   1  18240 GPS 
2025   1  18270 GPS 
2025   1  18300 GPS 
2025   1  18330 GPS 
2025   1  18360 GPS 
2025   1  18390 GPS 
2025   1  18420 GPS 
2025   1  18450 GPS 
2025   1  18480 GPS 
2025   1  18510 GPS 
2025   1  18540 GPS 
2025   1  18570 GPS 
2025   1  18600 GPS 
2025   1  18630 GPS 
2025   1  18660 GPS 
2025   1  18690 GPS 
2025   1  18720 GPS 
2025   1  18750 GPS 
2025   1  18780 GPS 
2025   1  18810 GPS 
2025   1  18840 GPS 
2025   1  18870 GPS 
2025   1  18900 GPS 
2025   1  18930 GPS 
2025   1  18960 GPS 
2025   1  18990 GPS 
2025   1  19020 GPS 
2025   1  19050 GPS 
2025   1  19080 GPS 
2025   1  19110 GPS 
2025   1  19140 GPS 
2025   1  19170 GPS 
2025   1  19200 GPS 
2025   1  19230 GPS 
2025   1  19260 GPS 
2025   1  19290 GPS 
2025   1  19320 GPS 
2025   1  19350 GPS 
2025   1  19380 GPS 
2025   1  19410 GPS 
2025   1  19440 GPS 
2025   1  19470 GPS 
2025   1  19500 GPS 
2025   1  19530 GPS 
2025   1  19560 GPS 
2025   1  19590 GPS 
2025   1  19620 GPS 
2025   1  19650 GPS 
2025   1  19680 GPS 
2025   1  19710 GPS 
2025   1  19740 GPS 
2025   1  19770 GPS 
2025   1  19800 GPS 
2025   1  19830 GPS 
2025   1  19860 GPS 
2025   1  19890 GPS 
2025   1  19920 GPS 
2025   1  19950 GPS 
2025   1  19980 GPS 
2025   1  20010 GPS 
2025   1  20040 GPS 
2025   1  20070 GPS 
2025   1  20100 GPS 
2025   1  20130 GPS 
2025   1  20160 GPS 
2025   1  20190 GPS 
2025   1  20220 GPS 
2025   1  20250 GPS 
2025   1  20280 GPS 
2025   1  20310 GPS 
2025   1  20340 GPS 
2025   1  20370 GPS 
2025   1  20400 GPS 
2025   1  20430 GPS 
2025   1  20460 GPS 
2025   1  20490 GPS 
2025   1  20520 GPS 
2025   1  20550 GPS 
2025   1  20580 GPS 
2025   1  20610 GPS 
2025   1  20640 GPS 
2025   1  20670 GPS 
2025   1  20700 GPS 
2025   1  20730 GPS 
2025   1  20760 GPS 
2025   1  20790 GPS 
2025   1  20820 GPS 
2025   1  20850 GPS 
2025   1  20880 GPS 
2025   1  20910 GPS 
2025   1  20940 GPS 
2025   1  20970 GPS 
2025   1  21000 GPS 
2025   1  21030 GPS 
2025   1  21060 GPS 
2025   1  21090 GPS 
2025   1  21120 GPS 
2025   1  21150 GPS 
2025   1  21180 GPS 
2025   1  21210 GPS 
2025   1  21240 GPS 
2025   1  21270 GPS 
2025   1  21300 GPS 
2025   1  21330 GPS 
2025   1  21360 GPS 
2025   1  21390 GPS 
2025   1  21420 GPS 
2025   1  21450 GPS 
2025   1  21480 GPS 
2025   1  21510 GPS 
2025   1  21540 GPS 
2025   1  21570 GPS 
2025   1  21600 GPS 
2025   1  21630 GPS 
2025   1  21660 GPS 
2025   1  21690 GPS 
2025   1  21720 GPS 
2025   1  21750 GPS 
2025   1  21780 GPS 
2025   1  21810 GPS 
2025   1  21840 GPS 
2025   1  21870 GPS 
2025   1  21900 GPS 
2025   1  21930 GPS 
2025   1  21960 GPS 
2025   1  21990 GPS 
2025   1  22020 GPS 
2025   1  22050 GPS 
2025   1  22080 GPS 
2025   1  22110 GPS 
2025   1  22140 GPS 
2025   1  22170 GPS 
2025   1  22200 GPS 
2025   1  22230 GPS 
2025   1  22260 GPS 
2025   1  22290 GPS 
2025   1  22320 GPS 
2025   1  22350 GPS 
2025   1  22380 GPS 
2025   1  22410 GPS 
2025   1  22440 GPS 
2025   1  22470 GPS 
2025   1  22500 GPS 
2025   1  22530 GPS 
2025   1  22560 GPS 
2025   1  22590 GPS 
2025   1  22620 GPS 
2025   1  22650 GPS 
2025   1  22680 GPS 
2025   1  22710 GPS 
2025   1  22740 GPS 
2025   1  22770 GPS 
2025   1  22800 GPS 
2025   1  22830 GPS 
2025   1  22860 GPS 
2025   1  22890 GPS 
2025   1  22920 GPS 
2025   1  22950 GPS 
2025   1  22980 GPS 
2025   1  23010 GPS 
2025   1  23040 GPS 
2025   1  23070 GPS 
2025   1  23100 GPS 
2025   1  23130 GPS 
2025   1  23160 GPS 
2025   1  23190 GPS 
2025   1  23220 GPS 
2025   1  23250 GPS 
2025   1  23280 GPS 
2025   1  23310 GPS 
2025   1  23340 GPS 
2025   1  23370 GPS 
2025   1  23400 GPS 
2025   1  23430 GPS 
2025   1  23460 GPS 
2025   1  23490 GPS 
2025   1  23520 GPS 
2025   1  23550 GPS 
2025   1  23580 GPS 
2025   1  23610 GPS 
2025   1  23640 GPS 
2025   1  23670 GPS 
2025   1  23700 GPS 
2025   1  23730 GPS 
2025   1  23760 GPS 
2025   1  23790 GPS 
2025   1  23820 GPS 
2025   1  23850 GPS 
2025   1  23880 GPS 
2025   1  23910 GPS 
2025   1  23940 GPS 
2025   1  23970 GPS 
2025   1  24000 GPS 
2025   1  24030 GPS 
2025   1  24060 GPS 
2025   1  24090 GPS 
2025   1  24120 GPS 
2025   1  24150 GPS 
2025   1  24180 GPS 
2025   1  24210 GPS 
2025   1  24240 GPS 
2025   1  24270 GPS 
2025   1  24300 GPS 
2025   1  24330 GPS 
2025   1  24360 GPS 
2025   1  24390 GPS 
2025   1  24420 GPS 
2025   1  24450 GPS 
2025   1  24480 GPS 
2025   1  24510 GPS 
2025   1  24540 GPS 
2025   1  24570 GPS 
2025   1  24600 GPS 
2025   1  24630 GPS 
2025   1  24660 GPS 
2025   1  24690 GPS 
2025   1  24720 GPS 
2025   1  24750 GPS 
2025   1  24780 GPS 
2025   1  24810 GPS 
2025   1  24840 GPS 
2025   1  24870 GPS 
2025   1  24900 GPS 
2025   1  24930 GPS 
2025   1  24960 GPS 
2025   1  24990 GPS 
2025   1  25020 GPS 
2025   1  25050 GPS 
2025   1  25080 GPS 
2025   1  25110 GPS 
2025   1  25140 GPS 
2025   1  25170 GPS 
2025   1  25200 GPS 
2025   1  25230 GPS 
2025   1  25260 GPS 
2025   1  25290 GPS 
2025   1  25320 GPS 
2025   1  25350 GPS 
2025   1  25380 GPS 
2025   1  25410 GPS 
2025   1  25440 GPS 
2025   1  25470 GPS 
2025   1  25500 GPS 
2025   1  25530 GPS 
2025   1  25560 GPS 
2025   1  25590 GPS 
2025   1  25620 GPS 
2025   1  25650 GPS 
2025   1  25680 GPS 
2025   1  25710 GPS 
2025   1  25740 GPS 
2025   1  25770 GPS 
2025   1  25800 GPS 
2025   1  25830 GPS 
2025   1  25860 GPS 
2025   1  25890 GPS 
2025   1  25920 GPS 
2025   1  25950 GPS 
2025   1  25980 GPS 
2025   1  26010 GPS 
2025   1  26040 GPS 
2025   1  26070 GPS 
2025   1  26100 GPS 
2025   1  26130 GPS 
2025   1  26160 GPS 
2025   1  26190 GPS 
2025   1  26220 GPS 
2025   1  26250 GPS 
2025   1  26280 GPS 
2025   1  26310 GPS 
2025   1  26340 GPS 
2025   1  26370 GPS 
2025   1  26400 GPS 
2025   1  26430 GPS 
2025   1  26460 GPS 
2025   1  26490 GPS 
2025   1  26520 GPS 
2025   1  26550 GPS 
2025   1  26580 GPS 
2025   1  26610 GPS 
2025   1  26640 GPS 
2025   1  26670 GPS 
2025   1  26700 GPS 
2025   1  26730 GPS 
2025   1  26760 GPS 
2025   1  26790 GPS 
2025   1  26820 GPS 
2025   1  26850 GPS 
2025   1  26880 GPS 
2025   1  26910 GPS 
2025   1  26940 GPS 
2025   1  26970 GPS 
2025   1  27000 GPS 
2025   1  27030 GPS 
2025   1  27060 GPS 
2025   1  27090 GPS 
2025   1  27120 GPS 
2025   1  27150 GPS 
2025   1  27180 GPS 
2025   1  27210 GPS 
2025   1  27240 GPS 
2025   1  27270 GPS 
2025   1  27300 GPS 
2025   1  27330 GPS 
2025   1  27360 GPS 
2025   1  27390 GPS 
2025   1  27420 GPS 
2025   1  27450 GPS 
2025   1  27480 GPS 
2025   1  27510 GPS 
2025   1  27540 GPS 
2025   1  27570 GPS 
2025   1  27600 GPS 
2025   1  27630 GPS 
2025   1  27660 GPS 
2025   1  27690 GPS 
2025   1  27720 GPS 
2025   1  27750 GPS 
2025   1  27780 GPS 
2025   1  27810 GPS 
2025   1  27840 GPS 
2025   1  27870 GPS 
2025   1  27900 GPS 
2025   1  27930 GPS 
2025   1  27960 GPS 
2025   1  27990 GPS 
2025   1  28020 GPS 
2025   1  28050 GPS 
2025   1  28080 GPS 
2025   1  28110 GPS 
2025   1  28140 GPS 
2025   1  28170 GPS 
2025   1  28200 GPS 
2025   1  28230 GPS 
2025   1  28260 GPS 
2025   1  28290 GPS 
2025   1  28320 GPS 
2025   1  28350 GPS 
2025   1  28380 GPS 
2025   1  28410 GPS 
2025   1  28440 GPS 
2025   1  28470 GPS 
2025   1  28500 GPS 
2025   1  28530 GPS 
2025   1  28560 GPS 
2025   1  28590 GPS 
2025   1  28620 GPS 
2025   1  28650 GPS 
2025   1  28680 GPS 
2025   1  28710 GPS 
2025   1  28740 GPS 
2025   1  28770 GPS 
2025   1  28800 GPS 
2025   1  28830 GPS 
2025   1  28860 GPS 
2025   1  28890 GPS 
2025   1  28920 GPS 
2025   1  28950 GPS 
2025   1  28980 GPS 
2025   1  29010 GPS 
2025   1  29040 GPS 
2025   1  29070 GPS 
2025   1  29100 GPS 
2025   1  29130 GPS 
2025   1  29160 GPS 
2025   1  29190 GPS 
2025   1  29220 GPS 
2025   1  29250 GPS 
2025   1  29280 GPS 
2025   1  29310 GPS 
2025   1  29340 GPS 
2025   1  29370 GPS 
2025   1  29400 GPS 
2025   1  29430 GPS 
2025   1  29460 GPS 
2025   1  29490 GPS 
2025   1  29520 GPS 
2025   1  29550 GPS 
2025   1  29580 GPS 
2025   1  29610 GPS 
2025   1  29640 GPS 
2025   1  29670 GPS 
2025   1  29700 GPS 
2025   1  29730 GPS 
2025   1  29760 GPS 
2025   1  29790 GPS 
2025   1  29820 GPS 
2025   1  29850 GPS 
2025   1  29880 GPS 
2025   1  29910 GPS 
2025   1  29940 GPS 
2025   1  29970 GPS 
2025   1  30000 GPS 
2025   1  30030 GPS 
2025   1  30060 GPS 
2025   1  30090 GPS 
2025   1  30120 GPS 
2025   1  30150 GPS 
2025   1  30180 GPS 
2025   1  30210 GPS 
2025   1  30240 GPS 
2025   1  30270 GPS 
2025   1  30300 GPS 
2025   1  30330 GPS 
2025   1  30360 GPS 
2025   1  30390 GPS 
2025   1  30420 GPS 
2025   1  30450 GPS 
2025   1  30480 GPS 
2025   1  30510 GPS 
2025   1  30540 GPS 
2025   1  30570 GPS 
2025   1  30600 GPS 
2025   1  30630 GPS 
2025   1  30660 GPS 
2025   1  30690 GPS 
2025   1  30720 GPS 
2025   1  30750 GPS 
2025   1  30780 GPS 
2025   1  30810 GPS 
2025   1  30840 GPS 
2025   1  30870 GPS 
2025   1  30900 GPS 
2025   1  30930 GPS 
2025   1  30960 GPS 
2025   1  30990 GPS 
2025   1  31020 GPS 
2025   1  31050 GPS 
2025   1  31080 GPS 
2025   1  31110 GPS 
2025   1  31140 GPS 
2025   1  31170 GPS 
2025   1  31200 GPS 
2025   1  31230 GPS 
2025   1  31260 GPS 
2025   1  31290 GPS 
2025   1  31320 GPS 
2025   1  31350 GPS 
2025   1  31380 GPS 
2025   1  31410 GPS 
2025   1  31440 GPS 
2025   1  31470 GPS 
2025   1  31500 GPS 
2025   1  31530 GPS 
2025   1  31560 GPS 
2025   1  31590 GPS 
2025   1  31620 GPS 
2025   1  31650 GPS 
2025   1  31680 GPS 
2025   1  31710 GPS 
2025   1  31740 GPS 
2025   1  31770 GPS 
2025   1  31800 GPS 
2025   1  31830 GPS 
2025   1  31860 GPS 
2025   1  31890 GPS 
2025   1  31920 GPS 
2025   1  31950 GPS 
2025   1  31980 GPS 
2025   1  32010 GPS 
2025   1  32040 GPS 
2025   1  32070 GPS 
2025   1  32100 GPS 
2025   1  32130 GPS 
2025   1  32160 GPS 
2025   1  32190 GPS 
2025   1  32220 GPS 
2025   1  32250 GPS 
2025   1  32280 GPS 
2025   1  32310 GPS 
2025   1  32340 GPS 
2025   1  32370 GPS 
2025   1  32400 GPS 
2025   1  32430 GPS 
2025   1  32460 GPS 
2025   1  32490 GPS 
2025   1  32520 GPS 
2025   1  32550 GPS 
2025   1  32580 GPS 
2025   1  32610 GPS 
2025   1  32640 GPS 
2025   1  32670 GPS 
2025   1  32700 GPS 
2025   1  32730 GPS 
2025   1  32760 GPS 
2025   1  32790 GPS 
2025   1  32820 GPS 
2025   1  32850 GPS 
2025   1  32880 GPS 
2025   1  32910 GPS 
2025   1  32940 GPS 
2025   1  32970 GPS 
2025   1  33000 GPS 
2025   1  33030 GPS 
2025   1  33060 GPS 
2025   1  33090 GPS 
2025   1  33120 GPS 
2025   1  33150 GPS 
2025   1  33180 GPS 
2025   1  33210 GPS 
2025   1  33240 GPS 
2025   1  33270 GPS 
2025   1  33300 GPS 
2025   1  33330 GPS 
2025   1  33360 GPS 
2025   1  33390 GPS 
2025   1  33420 GPS 
2025   1  33450 GPS 
2025   1  33480 GPS 
2025   1  33510 GPS 
2025   1  33540 GPS 
2025   1  33570 GPS 
2025   1  33600 GPS 
2025   1  33630 GPS 
2025   1  33660 GPS 
2025   1  33690 GPS 
2025   1  33720 GPS 
2025   1  33750 GPS 
2025   1  33780 GPS 
2025   1  33810 GPS 
2025   1  33840 GPS 
2025   1  33870 GPS 
2025   1  33900 GPS 
2025   1  33930 GPS 
2025   1  33960 GPS 
2025   1  33990 GPS 
2025   1  34020 GPS 
2025   1  34050 GPS 
2025   1  34080 GPS 
2025   1  34110 GPS 
2025   1  34140 GPS 
2025   1  34170 GPS 
2025   1  34200 GPS 
2025   1  34230 GPS 
2025   1  34260 GPS 
2025   1  34290 GPS 
2025   1  34320 GPS 
2025   1  34350 GPS 
2025   1  34380 GPS 
2025   1  34410 GPS 
2025   1  34440 GPS 
2025   1  34470 GPS 
2025   1  34500 GPS 
2025   1  34530 GPS 
2025   1  34560 GPS 
2025   1  34590 GPS 
2025   1  34620 GPS 
2025   1  34650 GPS 
2025   1  34680 GPS 
2025   1  34710 GPS 
2025   1  34740 GPS 
2025   1  34770 GPS 
2025   1  34800 GPS 
2025   1  34830 GPS 
2025   1  34860 GPS 
2025   1  34890 GPS 
2025   1  34920 GPS 
2025   1  34950 GPS 
2025   1  34980 GPS 
2025   1  35010 GPS 
2025   1  35040 GPS 
2025   1  35070 GPS 
2025   1  35100 GPS 
2025   1  35130 GPS 
2025   1  35160 GPS 
2025   1  35190 GPS 
2025   1  35220 GPS 
2025   1  35250 GPS 
2025   1  35280 GPS 
2025   1  35310 GPS 
2025   1  35340 GPS 
2025   1  35370 GPS 
2025   1  35400 GPS 
2025   1  35430 GPS 
2025   1  35460 GPS 
2025   1  35490 GPS 
2025   1  35520 GPS 
2025   1  35550 GPS 
2025   1  35580 GPS 
2025   1  35610 GPS 
2025   1  35640 GPS 
2025   1  35670 GPS 
2025   1  35700 GPS 
2025   1  35730 GPS 
2025   1  35760 GPS 
2025   1  35790 GPS 
2025   1  35820 GPS 
2025   1  35850 GPS 
2025   1  35880 GPS 
2025   1  35910 GPS 
2025   1  35940 GPS 
2025   1  35970 GPS 
2025   1  36000 GPS 
2025   1  36030 GPS 
2025   1  36060 GPS 
2025   1  36090 GPS 
2025   1  36120 GPS 
2025   1  36150 GPS 
2025   1  36180 GPS 
2025   1  36210 GPS 
2025   1  36240 GPS 
2025   1  36270 GPS 
2025   1  36300 GPS 
2025   1  36330 GPS 
2025   1  36360 GPS 
2025   1  36390 GPS 
2025   1  36420 GPS 
2025   1  36450 GPS 
2025   1  36480 GPS 
2025   1  36510 GPS 
2025   1  36540 GPS 
2025   1  36570 GPS 
2025   1  36600 GPS 
2025   1  36630 GPS 
2025   1  36660 GPS 
2025   1  36690 GPS 
2025   1  36720 GPS 
2025   1  36750 GPS 
2025   1  36780 GPS 
2025   1  36810 GPS 
2025   1  36840 GPS 
2025   1  36870 GPS 
2025   1  36900 GPS 
2025   1  36930 GPS 
2025   1  36960 GPS 
2025   1  36990 GPS 
2025   1  37020 GPS 
2025   1  37050 GPS 
2025   1  37080 GPS 
2025   1  37110 GPS 
2025   1  37140 GPS 
2025   1  37170 GPS 
2025   1  37200 GPS 
2025   1  37230 GPS 
2025   1  37260 GPS 
2025   1  37290 GPS 
2025   1  37320 GPS 
2025   1  37350 GPS 
2025   1  37380 GPS 
2025   1  37410 GPS 
2025   1  37440 GPS 
2025   1  37470 GPS 
2025   1  37500 GPS 
2025   1  37530 GPS 
2025   1  37560 GPS 
2025   1  37590 GPS 
2025   1  37620 GPS 
2025   1  37650 GPS 
2025   1  37680 GPS 
2025   1  37710 GPS 
2025   1  37740 GPS 
2025   1  37770 GPS 
2025   1  37800 GPS 
2025   1  37830 GPS 
2025   1  37860 GPS 
2025   1  37890 GPS 
2025   1  37920 GPS 
2025   1  37950 GPS 
2025   1  37980 GPS 
2025   1  38010 GPS 
2025   1  38040 GPS 
2025   1  38070 GPS 
2025   1  38100 GPS 
2025   1  38130 GPS 
2025   1  38160 GPS 
2025   1  38190 GPS 
2025   1  38220 GPS 
2025   1  38250 GPS 
2025   1  38280 GPS 
2025   1  38310 GPS 
2025   1  38340 GPS 
2025   1  38370 GPS 
2025   1  38400 GPS 
2025   1  38430 GPS 
2025   1  38460 GPS 
2025   1  38490 GPS 
2025   1  38520 GPS 
2025   1  38550 GPS 
2025   1  38580 GPS 
2025   1  38610 GPS 
2025   1  38640 GPS 
2025   1  38670 GPS 
2025   1  38700 GPS 
2025   1  38730 GPS 
2025   1  38760 GPS 
2025   1  38790 GPS 
2025   1  38820 GPS 
2025   1  38850 GPS 
2025   1  38880 GPS 
2025   1  38910 GPS 
2025   1  38940 GPS 
2025   1  38970 GPS 
2025   1  39000 GPS 
2025   1  39030 GPS 
2025   1  39060 GPS 
2025   1  39090 GPS 
2025   1  39120 GPS 
2025   1  39150 GPS 
2025   1  39180 GPS 
2025   1  39210 GPS 
2025   1  39240 GPS 
2025   1  39270 GPS 
2025   1  39300 GPS 
2025   1  39330 GPS 
2025   1  39360 GPS 
2025   1  39390 GPS 
2025   1  39420 GPS 
2025   1  39450 GPS 
2025   1  39480 GPS 
2025   1  39510 GPS 
2025   1  39540 GPS 
2025   1  39570 GPS 
2025   1  39600 GPS 
2025   1  39630 GPS 
2025   1  39660 GPS 
2025   1  39690 GPS 
2025   1  39720 GPS 
2025   1  39750 GPS 
2025   1  39780 GPS 
2025   1  39810 GPS 
2025   1  39840 GPS 
2025   1  39870 GPS 
2025   1  39900 GPS 
2025   1  39930 GPS 
2025   1  39960 GPS 
2025   1  39990 GPS 
2025   1  40020 GPS 
2025   1  40050 GPS 
2025   1  40080 GPS 
2025   1  40110 GPS 
2025   1  40140 GPS 
2025   1  40170 GPS 
2025   1  40200 GPS 
2025   1  40230 GPS 
2025   1  40260 GPS 
2025   1  40290 GPS 
2025   1  40320 GPS 
2025   1  40350 GPS 
2025   1  40380 GPS 
2025   1  40410 GPS 
2025   1  40440 GPS 
2025   1  40470 GPS 
2025   1  40500 GPS 
2025   1  40530 GPS 
2025   1  40560 GPS 
2025   1  40590 GPS 
2025   1  40620 GPS 
2025   1  40650 GPS 
2025   1  40680 GPS 
2025   1  40710 GPS 
2025   1  40740 GPS 
2025   1  40770 GPS 
2025   1  40800 GPS 
2025   1  40830 GPS 
2025   1  40860 GPS 
2025   1  40890 GPS 
2025   1  40920 GPS 
2025   1  40950 GPS 
2025   1  40980 GPS 
2025   1  41010 GPS 
2025   1  41040 GPS 
2025   1  41070 GPS 
2025   1  41100 GPS 
2025   1  41130 GPS 
2025   1  41160 GPS 
2025   1  41190 GPS 
2025   1  41220 GPS 
2025   1  41250 GPS 
2025   1  41280 GPS 
2025   1  41310 GPS 
2025   1  41340 GPS 
2025   1  41370 GPS 
2025   1  41400 GPS 
2025   1  41430 GPS 
2025   1  41460 GPS 
2025   1  41490 GPS 
2025   1  41520 GPS 
2025   1  41550 GPS 
2025   1  41580 GPS 
2025   1  41610 GPS 
2025   1  41640 GPS 
2025   1  41670 GPS 
2025   1  41700 GPS 
2025   1  41730 GPS 
2025   1  41760 GPS 
2025   1  41790 GPS 
2025   1  41820 GPS 
2025   1  41850 GPS 
2025   1  41880 GPS 
2025   1  41910 GPS 
2025   1  41940 GPS 
2025   1  41970 GPS 
2025   1  42000 GPS 
2025   1  42030 GPS 
2025   1  42060 GPS 
2025   1  42090 GPS 
2025   1  42120 GPS 
2025   1  42150 GPS 
2025   1  42180 GPS 
2025   1  42210 GPS 
2025   1  42240 GPS 
2025   1  42270 GPS 
2025   1  42300 GPS 
2025   1  42330 GPS 
2025   1  42360 GPS 
2025   1  42390 GPS 
2025   1  42420 GPS 
2025   1  42450 GPS 
2025   1  42480 GPS 
2025   1  42510 GPS 
2025   1  42540 GPS 
2025   1  42570 GPS 
2025   1  42600 GPS 
2025   1  42630 GPS 
2025   1  42660 GPS 
2025   1  42690 GPS 
2025   1  42720 GPS 
2025   1  42750 GPS 
2025   1  42780 GPS 
2025   1  42810 GPS 
2025   1  42840 GPS 
2025   1  42870 GPS 
2025   1  42900 GPS 
2025   1  42930 GPS 
2025   1  42960 GPS 
2025   1  42990 GPS 
2025   1  43020 GPS 
2025   1  43050 GPS 
2025   1  43080 GPS 
2025   1  43110 GPS 
2025   1  43140 GPS 
2025   1  43170 GPS 
2025   1  43200 GPS 
2025   1  43230 GPS 
2025   1  43260 GPS 
2025   1  43290 GPS 
2025   1  43320 GPS 
2025   1  43350 GPS 
2025   1  43380 GPS 
2025   1  43410 GPS 
2025   1  43440 GPS 
2025   1  43470 GPS 
2025   1  43500 GPS 
2025   1  43530 GPS 
2025   1  43560 GPS 
2025   1  43590 GPS 
2025   1  43620 GPS 
2025   1  43650 GPS 
2025   1  43680 GPS 
2025   1  43710 GPS 
2025   1  43740 GPS 
2025   1  43770 GPS 
2025   1  43800 GPS 
2025   1  43830 GPS 
2025   1  43860 GPS 
2025   1  43890 GPS 
2025   1  43920 GPS 
2025   1  43950 GPS 
2025   1  43980 GPS 
2025   1  44010 GPS 
2025   1  44040 GPS 
2025   1  44070 GPS 
2025   1  44100 GPS 
2025   1  44130 GPS 
2025   1  44160 GPS 
2025   1  44190 GPS 
2025   1  44220 GPS 
2025   1  44250 GPS 
2025   1  44280 GPS 
2025   1  44310 GPS 
2025   1  44340 GPS 
2025   1  44370 GPS 
2025   1  44400 GPS 
2025   1  44430 GPS 
2025   1  44460 GPS 
2025   1  44490 GPS 
2025   1  44520 GPS 
2025   1  44550 GPS 
2025   1  44580 GPS 
2025   1  44610 GPS 
2025   1  44640 GPS 
2025   1  44670 GPS 
2025   1  44700 GPS 
2025   1  44730 GPS 
2025   1  44760 GPS 
2025   1  44790 GPS 
2025   1  44820 GPS 
2025   1  44850 GPS 
2025   1  44880 GPS 
2025   1  44910 GPS 
2025   1  44940 GPS 
2025   1  44970 GPS 
2025   1  45000 GPS 
2025   1  45030 GPS 
2025   1  45060 GPS 
2025   1  45090 GPS 
2025   1  45120 GPS 
2025   1  45150 GPS 
2025   1  45180 GPS 
2025   1  45210 GPS 
2025   1  45240 GPS 
2025   1  45270 GPS 
2025   1  45300 GPS 
2025   1  45330 GPS 
2025   1  45360 GPS 
2025   1  45390 GPS 
2025   1  45420 GPS 
2025   1  45450 GPS 
2025   1  45480 GPS 
2025   1  45510 GPS 
2025   1  45540 GPS 
2025   1  45570 GPS 
2025   1  45600 GPS 
2025   1  45630 GPS 
2025   1  45660 GPS 
2025   1  45690 GPS 
2025   1  45720 GPS 
2025   1  45750 GPS 
2025   1  45780 GPS 
2025   1  45810 GPS 
2025   1  45840 GPS 
2025   1  45870 GPS 
2025   1  45900 GPS 
2025   1  45930 GPS 
2025   1  45960 GPS 
2025   1  45990 GPS 
2025   1  46020 GPS 
2025   1  46050 GPS 
2025   1  46080 GPS 
2025   1  46110 GPS 
2025   1  46140 GPS 
2025   1  46170 GPS 
2025   1  46200 GPS 
2025   1  46230 GPS 
2025   1  46260 GPS 
2025   1  46290 GPS 
2025   1  46320 GPS 
2025   1  46350 GPS 
2025   1  46380 GPS 
2025   1  46410 GPS 
2025   1  46440 GPS 
2025   1  46470 GPS 
2025   1  46500 GPS 
2025   1  46530 GPS 
2025   1  46560 GPS 
2025   1  46590 GPS 
2025   1  46620 GPS 
2025   1  46650 GPS 
2025   1  46680 GPS 
2025   1  46710 GPS 
2025   1  46740 GPS 
2025   1  46770 GPS 
2025   1  46800 GPS 
2025   1  46830 GPS 
2025   1  46860 GPS 
2025   1  46890 GPS 
2025   1  46920 GPS 
2025   1  46950 GPS 
2025   1  46980 GPS 
2025   1  47010 GPS 
2025   1  47040 GPS 
2025   1  47070 GPS 
2025   1  47100 GPS 
2025   1  47130 GPS 
2025   1  47160 GPS 
2025   1  47190 GPS 
2025   1  47220 GPS 
2025   1  47250 GPS 
2025   1  47280 GPS 
2025   1  47310 GPS 
2025   1  47340 GPS 
2025   1  47370 GPS 
2025   1  47400 GPS 
2025   1  47430 GPS 
2025   1  47460 GPS 
2025   1  47490 GPS 
2025   1  47520 GPS 
2025   1  47550 GPS 
2025   1  47580 GPS 
2025   1  47610 GPS 
2025   1  47640 GPS 
2025   1  47670 GPS 
2025   1  47700 GPS 
2025   1  47730 GPS 
2025   1  47760 GPS 
2025   1  47790 GPS 
2025   1  47820 GPS 
2025   1  47850 GPS 
2025   1  47880 GPS 
2025   1  47910 GPS 
2025   1  47940 GPS 
2025   1  47970 GPS 
2025   1  48000 GPS 
2025   1  48030 GPS 
2025   1  48060 GPS 
2025   1  48090 GPS 
2025   1  48120 GPS 
2025   1  48150 GPS 
2025   1  48180 GPS 
2025   1  48210 GPS 
2025   1  48240 GPS 
2025   1  48270 GPS 
2025   1  48300 GPS 
2025   1  48330 GPS 
2025   1  48360 GPS 
2025   1  48390 GPS 
2025   1  48420 GPS 
2025   1  48450 GPS 
2025   1  48480 GPS 
2025   1  48510 GPS 
2025   1  48540 GPS 
2025   1  48570 GPS 
2025   1  48600 GPS 
2025   1  48630 GPS 
2025   1  48660 GPS 
2025   1  48690 GPS 
2025   1  48720 GPS 
2025   1  48750 GPS 
2025   1  48780 GPS 
2025   1  48810 GPS 
2025   1  48840 GPS 
2025   1  48870 GPS 
2025   1  48900 GPS 
2025   1  48930 GPS 
2025   1  48960 GPS 
2025   1  48990 GPS 
2025   1  49020 GPS 
2025   1  49050 GPS 
2025   1  49080 GPS 
2025   1  49110 GPS 
2025   1  49140 GPS 
2025   1  49170 GPS 
2025   1  49200 GPS 
2025   1  49230 GPS 
2025   1  49260 GPS 
2025   1  49290 GPS 
2025   1  49320 GPS 
2025   1  49350 GPS 
2025   1  49380 GPS 
2025   1  49410 GPS 
2025   1  49440 GPS 
2025   1  49470 GPS 
2025   1  49500 GPS 
2025   1  49530 GPS 
2025   1  49560 GPS 
2025   1  49590 GPS 
2025   1  49620 GPS 
2025   1  49650 GPS 
2025   1  49680 GPS 
2025   1  49710 GPS 
2025   1  49740 GPS 
2025   1  49770 GPS 
2025   1  49800 GPS 
2025   1  49830 GPS 
2025   1  49860 GPS 
2025   1  49890 GPS 
2025   1  49920 GPS 
2025   1  49950 GPS 
2025   1  49980 GPS 
2025   1  50010 GPS 
2025   1  50040 GPS 
2025   1  50070 GPS 
2025   1  50100 GPS 
2025   1  50130 GPS 
2025   1  50160 GPS 
2025   1  50190 GPS 
2025   1  50220 GPS 
2025   1  50250 GPS 
2025   1  50280 GPS 
2025   1  50310 GPS 
2025   1  50340 GPS 
2025   1  50370 GPS 
2025   1  50400 GPS 
2025   1  50430 GPS 
2025   1  50460 GPS 
2025   1  50490 GPS 
2025   1  50520 GPS 
2025   1  50550 GPS 
2025   1  50580 GPS 
2025   1  50610 GPS 
2025   1  50640 GPS 
2025   1  50670 GPS 
2025   1  50700 GPS 
2025   1  50730 GPS 
2025   1  50760 GPS 
2025   1  50790 GPS 
2025   1  50820 GPS 
2025   1  50850 GPS 
2025   1  50880 GPS 
2025   1  50910 GPS 
2025   1  50940 GPS 
2025   1  50970 GPS 
2025   1  51000 GPS 
2025   1  51030 GPS 
2025   1  51060 GPS 
2025   1  51090 GPS 
2025   1  51120 GPS 
2025   1  51150 GPS 
2025   1  51180 GPS 
2025   1  51210 GPS 
2025   1  51240 GPS 
2025   1  51270 GPS 
2025   1  51300 GPS 
2025   1  51330 GPS 
2025   1  51360 GPS 
2025   1  51390 GPS 
2025   1  51420 GPS 
2025   1  51450 GPS 
2025   1  51480 GPS 
2025   1  51510 GPS 
2025   1  51540 GPS 
2025   1  51570 GPS 
2025   1  51600 GPS 
2025   1  51630 GPS 
2025   1  51660 GPS 
2025   1  51690 GPS 
2025   1  51720 GPS 
2025   1  51750 GPS 
2025   1  51780 GPS 
2025   1  51810 GPS 
2025   1  51840 GPS 
2025   1  51870 GPS 
2025   1  51900 GPS 
2025   1  51930 GPS 
2025   1  51960 GPS 
2025   1  51990 GPS 
2025   1  52020 GPS 
2025   1  52050 GPS 
2025   1  52080 GPS 
2025   1  52110 GPS 
2025   1  52140 GPS 
2025   1  52170 GPS 
2025   1  52200 GPS 
2025   1  52230 GPS 
2025   1  52260 GPS 
2025   1  52290 GPS 
2025   1  52320 GPS 
2025   1  52350 GPS 
2025   1  52380 GPS 
2025   1  52410 GPS 
2025   1  52440 GPS 
2025   1  52470 GPS 
2025   1  52500 GPS 
2025   1  52530 GPS 
2025   1  52560 GPS 
2025   1  52590 GPS 
2025   1  52620 GPS 
2025   1  52650 GPS 
2025   1  52680 GPS 
2025   1  52710 GPS 
2025   1  52740 GPS 
2025   1  52770 GPS 
2025   1  52800 GPS 
2025   1  52830 GPS 
2025   1  52860 GPS 
2025   1  52890 GPS 
2025   1  52920 GPS 
2025   1  52950 GPS 
2025   1  52980 GPS 
2025   1  53010 GPS 
2025   1  53040 GPS 
2025   1  53070 GPS 
2025   1  53100 GPS 
2025   1  53130 GPS 
2025   1  53160 GPS 
2025   1  53190 GPS 
2025   1  53220 GPS 
2025   1  53250 GPS 
2025   1  53280 GPS 
2025   1  53310 GPS 
2025   1  53340 GPS 
2025   1  53370 GPS 
2025   1  53400 GPS 
2025   1  53430 GPS 
2025   1  53460 GPS 
2025   1  53490 GPS 
2025   1  53520 GPS 
2025   1  53550 GPS 
2025   1  53580 GPS 
2025   1  53610 GPS 
2025   1  53640 GPS 
2025   1  53670 GPS 
2025   1  53700 GPS 
2025   1  53730 GPS 
2025   1  53760 GPS 
2025   1  53790 GPS 
2025   1  53820 GPS 
2025   1  53850 GPS 
2025   1  53880 GPS 
2025   1  53910 GPS 
2025   1  53940 GPS 
2025   1  53970 GPS 
2025   1  54000 GPS 
2025   1  54030 GPS 
2025   1  54060 GPS 
2025   1  54090 GPS 
2025   1  54120 GPS 
2025   1  54150 GPS 
2025   1  54180 GPS 
2025   1  54210 GPS 
2025   1  54240 GPS 
2025   1  54270 GPS 
2025   1  54300 GPS 
2025   1  54330 GPS 
2025   1  54360 GPS 
2025   1  54390 GPS 
2025   1  54420 GPS 
2025   1  54450 GPS 
2025   1  54480 GPS 
2025   1  54510 GPS 
2025   1  54540 GPS 
2025   1  54570 GPS 
2025   1  54600 GPS 
2025   1  54630 GPS 
2025   1  54660 GPS 
2025   1  54690 GPS 
2025   1  54720 GPS 
2025   1  54750 GPS 
2025   1  54780 GPS 
2025   1  54810 GPS 
2025   1  54840 GPS 
2025   1  54870 GPS 
2025   1  54900 GPS 
2025   1  54930 GPS 
2025   1  54960 GPS 
2025   1  54990 GPS 
2025   1  55020 GPS 
2025   1  55050 GPS 
2025   1  55080 GPS 
2025   1  55110 GPS 
2025   1  55140 GPS 
2025   1  55170 GPS 
2025   1  55200 GPS 
2025   1  55230 GPS 
2025   1  55260 GPS 
2025   1  55290 GPS 
2025   1  55320 GPS 
2025   1  55350 GPS 
2025   1  55380 GPS 
2025   1  55410 GPS 
2025   1  55440 GPS 
2025   1  55470 GPS 
2025   1  55500 GPS 
2025   1  55530 GPS 
2025   1  55560 GPS 
2025   1  55590 GPS 
2025   1  55620 GPS 
2025   1  55650 GPS 
2025   1  55680 GPS 
2025   1  55710 GPS 
2025   1  55740 GPS 
2025   1  55770 GPS 
2025   1  55800 GPS 
2025   1  55830 GPS 
2025   1  55860 GPS 
2025   1  55890 GPS 
2025   1  55920 GPS 
2025   1  55950 GPS 
2025   1  55980 GPS 
2025   1  56010 GPS 
2025   1  56040 GPS 
2025   1  56070 GPS 
2025   1  56100 GPS 
2025   1  56130 GPS 
2025   1  56160 GPS 
2025   1  56190 GPS 
2025   1  56220 GPS 
2025   1  56250 GPS 
2025   1  56280 GPS 
2025   1  56310 GPS 
2025   1  56340 GPS 
2025   1  56370 GPS 
2025   1  56400 GPS 
2025   1  56430 GPS 
2025   1  56460 GPS 
2025   1  56490 GPS 
2025   1  56520 GPS 
2025   1  56550 GPS 
2025   1  56580 GPS 
2025   1  56610 GPS 
2025   1  56640 GPS 
2025   1  56670 GPS 
2025   1  56700 GPS 
2025   1  56730 GPS 
2025   1  56760 GPS 
2025   1  56790 GPS 
2025   1  56820 GPS 
2025   1  56850 GPS 
2025   1  56880 GPS 
2025   1  56910 GPS 
2025   1  56940 GPS 
2025   1  56970 GPS 
2025   1  57000 GPS 
2025   1  57030 GPS 
2025   1  57060 GPS 
2025   1  57090 GPS 
2025   1  57120 GPS 
2025   1  57150 GPS 
2025   1  57180 GPS 
2025   1  57210 GPS 
2025   1  57240 GPS 
2025   1  57270 GPS 
2025   1  57300 GPS 
2025   1  57330 GPS 
2025   1  57360 GPS 
2025   1  57390 GPS 
2025   1  57420 GPS 
2025   1  57450 GPS 
2025   1  57480 GPS 
2025   1  57510 GPS 
2025   1  57540 GPS 
2025   1  57570 GPS 
2025   1  57600 GPS 
2025   1  57630 GPS 
2025   1  57660 GPS 
2025   1  57690 GPS 
2025   1  57720 GPS 
2025   1  57750 GPS 
2025   1  57780 GPS 
2025   1  57810 GPS 
2025   1  57840 GPS 
2025   1  57870 GPS 
2025   1  57900 GPS 
2025   1  57930 GPS 
2025   1  57960 GPS 
2025   1  57990 GPS 
2025   1  58020 GPS 
2025   1  58050 GPS 
2025   1  58080 GPS 
2025   1  58110 GPS 
2025   1  58140 GPS 
2025   1  58170 GPS 
2025   1  58200 GPS 
2025   1  58230 GPS 
2025   1  58260 GPS 
2025   1  58290 GPS 
2025   1  58320 GPS 
2025   1  58350 GPS 
2025   1  58380 GPS 
2025   1  58410 GPS 
2025   1  58440 GPS 
2025   1  58470 GPS 
2025   1  58500 GPS 
2025   1  58530 GPS 
2025   1  58560 GPS 
2025   1  58590 GPS 
2025   1  58620 GPS 
2025   1  58650 GPS 
2025   1  58680 GPS 
2025   1  58710 GPS 
2025   1  58740 GPS 
2025   1  58770 GPS 
2025   1  58800 GPS 
2025   1  58830 GPS 
2025   1  58860 GPS 
2025   1  58890 GPS 
2025   1  58920 GPS 
2025   1  58950 GPS 
2025   1  58980 GPS 
2025   1  59010 GPS 
2025   1  59040 GPS 
2025   1  59070 GPS 
2025   1  59100 GPS 
2025   1  59130 GPS 
2025   1  59160 GPS 
2025   1  59190 GPS 
2025   1  59220 GPS 
2025   1  59250 GPS 
2025   1  59280 GPS 
2025   1  59310 GPS 
2025   1  59340 GPS 
2025   1  59370 GPS 
2025   1  59400 GPS 
2025   1  59430 GPS 
2025   1  59460 GPS 
2025   1  59490 GPS 
2025   1  59520 GPS 
2025   1  59550 GPS 
2025   1  59580 GPS 
2025   1  59610 GPS 
2025   1  59640 GPS 
2025   1  59670 GPS 
2025   1  59700 GPS 
2025   1  59730 GPS 
2025   1  59760 GPS 
2025   1  59790 GPS 
2025   1  59820 GPS 
2025   1  59850 GPS 
2025   1  59880 GPS 
2025   1  59910 GPS 
2025   1  59940 GPS 
2025   1  59970 GPS 
2025   1  60000 GPS 
2025   1  60030 GPS 
2025   1  60060 GPS 
2025   1  60090 GPS 
2025   1  60120 GPS 
2025   1  60150 GPS 
2025   1  60180 GPS 
2025   1  60210 GPS 
2025   1  60240 GPS 
2025   1  60270 GPS 
2025   1  60300 GPS 
2025   1  60330 GPS 
2025   1  60360 GPS 
2025   1  60390 GPS 
2025   1  60420 GPS 
2025   1  60450 GPS 
2025   1  60480 GPS 
2025   1  60510 GPS 
2025   1  60540 GPS 
2025   1  60570 GPS 
2025   1  60600 GPS 
2025   1  60630 GPS 
2025   1  60660 GPS 
2025   1  60690 GPS 
2025   1  60720 GPS 
2025   1  60750 GPS 
2025   1  60780 GPS 
2025   1  60810 GPS 
2025   1  60840 GPS 
2025   1  60870 GPS 
2025   1  60900 GPS 
2025   1  60930 GPS 
2025   1  60960 GPS 
2025   1  60990 GPS 
2025   1  61020 GPS 
2025   1  61050 GPS 
2025   1  61080 GPS 
2025   1  61110 GPS 
2025   1  61140 GPS 
2025   1  61170 GPS 
2025   1  61200 GPS 
2025   1  61230 GPS 
2025   1  61260 GPS 
2025   1  61290 GPS 
2025   1  61320 GPS 
2025   1  61350 GPS 
2025   1  61380 GPS 
2025   1  61410 GPS 
2025   1  61440 GPS 
2025   1  61470 GPS 
2025   1  61500 GPS 
2025   1  61530 GPS 
2025   1  61560 GPS 
2025   1  61590 GPS 
2025   1  61620 GPS 
2025   1  61650 GPS 
2025   1  61680 GPS 
2025   1  61710 GPS 
2025   1  61740 GPS 
2025   1  61770 GPS 
2025   1  61800 GPS 
2025   1  61830 GPS 
2025   1  61860 GPS 
2025   1  61890 GPS 
2025   1  61920 GPS 
2025   1  61950 GPS 
2025   1  61980 GPS 
2025   1  62010 GPS 
2025   1  62040 GPS 
2025   1  62070 GPS 
2025   1  62100 GPS 
2025   1  62130 GPS 
2025   1  62160 GPS 
2025   1  62190 GPS 
2025   1  62220 GPS 
2025   1  62250 GPS 
2025   1  62280 GPS 
2025   1  62310 GPS 
2025   1  62340 GPS 
2025   1  62370 GPS 
2025   1  62400 GPS 
2025   1  62430 GPS 
2025   1  62460 GPS 
2025   1  62490 GPS 
2025   1  62520 GPS 
2025   1  62550 GPS 
2025   1  62580 GPS 
2025   1  62610 GPS 
2025   1  62640 GPS 
2025   1  62670 GPS 
2025   1  62700 GPS 
2025   1  62730 GPS 
2025   1  62760 GPS 
2025   1  62790 GPS 
2025   1  62820 GPS 
2025   1  62850 GPS 
2025   1  62880 GPS 
2025   1  62910 GPS 
2025   1  62940 GPS 
2025   1  62970 GPS 
2025   1  63000 GPS 
2025   1  63030 GPS 
2025   1  63060 GPS 
2025   1  63090 GPS 
2025   1  63120 GPS 
2025   1  63150 GPS 
2025   1  63180 GPS 
2025   1  63210 GPS 
2025   1  63240 GPS 
2025   1  63270 GPS 
2025   1  63300 GPS 
2025   1  63330 GPS 
2025   1  63360 GPS 
2025   1  63390 GPS 
2025   1  63420 GPS 
2025   1  63450 GPS 
2025   1  63480 GPS 
2025   1  63510 GPS 
2025   1  63540 GPS 
2025   1  63570 GPS 
2025   1  63600 GPS 
2025   1  63630 GPS 
2025   1  63660 GPS 
2025   1  63690 GPS 
2025   1  63720 GPS 
2025   1  63750 GPS 
2025   1  63780 GPS 
2025   1  63810 GPS 
2025   1  63840 GPS 
2025   1  63870 GPS 
2025   1  63900 GPS 
2025   1  63930 GPS 
2025   1  63960 GPS 
2025   1  63990 GPS 
2025   1  64020 GPS 
2025   1  64050 GPS 
2025   1  64080 GPS 
2025   1  64110 GPS 
2025   1  64140 GPS 
2025   1  64170 GPS 
2025   1  64200 GPS 
2025   1  64230 GPS 
2025   1  64260 GPS 
2025   1  64290 GPS 
2025   1  64320 GPS 
2025   1  64350 GPS 
2025   1  64380 GPS 
2025   1  64410 GPS 
2025   1  64440 GPS 
2025   1  64470 GPS 
2025   1  64500 GPS 
2025   1  64530 GPS 
2025   1  64560 GPS 
2025   1  64590 GPS 
2025   1  64620 GPS 
2025   1  64650 GPS 
2025   1  64680 GPS 
2025   1  64710 GPS 
2025   1  64740 GPS 
2025   1  64770 GPS 
2025   1  64800 GPS 
2025   1  64830 GPS 
2025   1  64860 GPS 
2025   1  64890 GPS 
2025   1  64920 GPS 
2025   1  64950 GPS 
2025   1  64980 GPS 
2025   1  65010 GPS 
2025   1  65040 GPS 
2025   1  65070 GPS 
2025   1  65100 GPS 
2025   1  65130 GPS 
2025   1  65160 GPS 
2025   1  65190 GPS 
2025   1  65220 GPS 
2025   1  65250 GPS 
2025   1  65280 GPS 
2025   1  65310 GPS 
2025   1  65340 GPS 
2025   1  65370 GPS 
2025   1  65400 GPS 
2025   1  65430 GPS 
2025   1  65460 GPS 
2025   1  65490 GPS 
2025   1  65520 GPS 
2025   1  65550 GPS 
2025   1  65580 GPS 
2025   1  65610 GPS 
2025   1  65640 GPS 
2025   1  65670 GPS 
2025   1  65700 GPS 
2025   1  65730 GPS 
2025   1  65760 GPS 
2025   1  65790 GPS 
2025   1  65820 GPS 
2025   1  65850 GPS 
2025   1  65880 GPS 
2025   1  65910 GPS 
2025   1  65940 GPS 
2025   1  65970 GPS 
2025   1  66000 GPS 
2025   1  66030 GPS 
2025   1  66060 GPS 
2025   1  66090 GPS 
2025   1  66120 GPS 
2025   1  66150 GPS 
2025   1  66180 GPS 
2025   1  66210 GPS 
2025   1  66240 GPS 
2025   1  66270 GPS 
2025   1  66300 GPS 
2025   1  66330 GPS 
2025   1  66360 GPS 
2025   1  66390 GPS 
2025   1  66420 GPS 
2025   1  66450 GPS 
2025   1  66480 GPS 
2025   1  66510 GPS 
2025   1  66540 GPS 
2025   1  66570 GPS 
2025   1  66600 GPS 
2025   1  66630 GPS 
2025   1  66660 GPS 
2025   1  66690 GPS 
2025   1  66720 GPS 
2025   1  66750 GPS 
2025   1  66780 GPS 
2025   1  66810 GPS 
2025   1  66840 GPS 
2025   1  66870 GPS 
2025   1  66900 GPS 
2025   1  66930 GPS 
2025   1  66960 GPS 
2025   1  66990 GPS 
2025   1  67020 GPS 
2025   1  67050 GPS 
2025   1  67080 GPS 
2025   1  67110 GPS 
2025   1  67140 GPS 
2025   1  67170 GPS 
2025   1  67200 GPS 
2025   1  67230 GPS 
2025   1  67260 GPS 
2025   1  67290 GPS 
2025   1  67320 GPS 
2025   1  67350 GPS 
2025   1  67380 GPS 
2025   1  67410 GPS 
2025   1  67440 GPS 
2025   1  67470 GPS 
2025   1  67500 GPS 
2025   1  67530 GPS 
2025   1  67560 GPS 
2025   1  67590 GPS 
2025   1  67620 GPS 
2025   1  67650 GPS 
2025   1  67680 GPS 
2025   1  67710 GPS 
2025   1  67740 GPS 
2025   1  67770 GPS 
2025   1  67800 GPS 
2025   1  67830 GPS 
2025   1  67860 GPS 
2025   1  67890 GPS 
2025   1  67920 GPS 
2025   1  67950 GPS 
2025   1  67980 GPS 
2025   1  68010 GPS 
2025   1  68040 GPS 
2025   1  68070 GPS 
2025   1  68100 GPS 
2025   1  68130 GPS 
2025   1  68160 GPS 
2025   1  68190 GPS 
2025   1  68220 GPS 
2025   1  68250 GPS 
2025   1  68280 GPS 
2025   1  68310 GPS 
2025   1  68340 GPS 
2025   1  68370 GPS 
2025   1  68400 GPS 
2025   1  68430 GPS 
2025   1  68460 GPS 
2025   1  68490 GPS 
2025   1  68520 GPS 
2025   1  68550 GPS 
2025   1  68580 GPS 
2025   1  68610 GPS 
2025   1  68640 GPS 
2025   1  68670 GPS 
2025   1  68700 GPS 
2025   1  68730 GPS 
2025   1  68760 GPS 
2025   1  68790 GPS 
2025   1  68820 GPS 
2025   1  68850 GPS 
2025   1  68880 GPS 
2025   1  68910 GPS 
2025   1  68940 GPS 
2025   1  68970 GPS 
2025   1  69000 GPS 
2025   1  69030 GPS 
2025   1  69060 GPS 
2025   1  69090 GPS 
2025   1  69120 GPS 
2025   1  69150 GPS 
2025   1  69180 GPS 
2025   1  69210 GPS 
2025   1  69240 GPS 
2025   1  69270 GPS 
2025   1  69300 GPS 
2025   1  69330 GPS 
2025   1  69360 GPS 
2025   1  69390 GPS 
2025   1  69420 GPS 
2025   1  69450 GPS 
2025   1  69480 GPS 
2025   1  69510 GPS 
2025   1  69540 GPS 
2025   1  69570 GPS 
2025   1  69600 GPS 
2025   1  69630 GPS 
2025   1  69660 GPS 
2025   1  69690 GPS 
2025   1  69720 GPS 
2025   1  69750 GPS 
2025   1  69780 GPS 
2025   1  69810 GPS 
2025   1  69840 GPS 
2025   1  69870 GPS 
2025   1  69900 GPS 
2025   1  69930 GPS 
2025   1  69960 GPS 
2025   1  69990 GPS 
2025   1  70020 GPS 
2025   1  70050 GPS 
2025   1  70080 GPS 
2025   1  70110 GPS 
2025   1  70140 GPS 
2025   1  70170 GPS 
2025   1  70200 GPS 
2025   1  70230 GPS 
2025   1  70260 GPS 
2025   1  70290 GPS 
2025   1  70320 GPS 
2025   1  70350 GPS 
2025   1  70380 GPS 
2025   1  70410 GPS 
2025   1  70440 GPS 
2025   1  70470 GPS 
2025   1  70500 GPS 
2025   1  70530 GPS 
2025   1  70560 GPS 
2025   1  70590 GPS 
2025   1  70620 GPS 
2025   1  70650 GPS 
2025   1  70680 GPS 
2025   1  70710 GPS 
2025   1  70740 GPS 
2025   1  70770 GPS 
2025   1  70800 GPS 
2025   1  70830 GPS 
2025   1  70860 GPS 
2025   1  70890 GPS 
2025   1  70920 GPS 
2025   1  70950 GPS 
2025   1  70980 GPS 
2025   1  71010 GPS 
2025   1  71040 GPS 
2025   1  71070 GPS 
2025   1  71100 GPS 
2025   1  71130 GPS 
2025   1  71160 GPS 
2025   1  71190 GPS 
2025   1  71220 GPS 
2025   1  71250 GPS 
2025   1  71280 GPS 
2025   1  71310 GPS 
2025   1  71340 GPS 
2025   1  71370 GPS 
2025   1  71400 GPS 
2025   1  71430 GPS 
2025   1  71460 GPS 
2025   1  71490 GPS 
2025   1  71520 GPS 
2025   1  71550 GPS 
2025   1  71580 GPS 
2025   1  71610 GPS 
2025   1  71640 GPS 
2025   1  71670 GPS 
2025   1  71700 GPS 
2025   1  71730 GPS 
2025   1  71760 GPS 
2025   1  71790 GPS 
2025   1  71820 GPS 
2025   1  71850 GPS 
2025   1  71880 GPS 
2025   1  71910 GPS 
2025   1  71940 GPS 
2025   1  71970 GPS 
2025   1  72000 GPS 
2025   1  72030 GPS 
2025   1  72060 GPS 
2025   1  72090 GPS 
2025   1  72120 GPS 
2025   1  72150 GPS 
2025   1  72180 GPS 
2025   1  72210 GPS 
2025   1  72240 GPS 
2025   1  72270 GPS 
2025   1  72300 GPS 
2025   1  72330 GPS 
2025   1  72360 GPS 
2025   1  72390 GPS 
2025   1  72420 GPS 
2025   1  72450 GPS 
2025   1  72480 GPS 
2025   1  72510 GPS 
2025   1  72540 GPS 
2025   1  72570 GPS 
2025   1  72600 GPS 
2025   1  72630 GPS 
2025   1  72660 GPS 
2025   1  72690 GPS 
2025   1  72720 GPS 
2025   1  72750 GPS 
2025   1  72780 GPS 
2025   1  72810 GPS 
2025   1  72840 GPS 
2025   1  72870 GPS 
2025   1  72900 GPS 
2025   1  72930 GPS 
2025   1  72960 GPS 
2025   1  72990 GPS 
2025   1  73020 GPS 
2025   1  73050 GPS 
2025   1  73080 GPS 
2025   1  73110 GPS 
2025   1  73140 GPS 
2025   1  73170 GPS 
2025   1  73200 GPS 
2025   1  73230 GPS 
2025   1  73260 GPS 
2025   1  73290 GPS 
2025   1  73320 GPS 
2025   1  73350 GPS 
2025   1  73380 GPS 
2025   1  73410 GPS 
2025   1  73440 GPS 
2025   1  73470 GPS 
2025   1  73500 GPS 
2025   1  73530 GPS 
2025   1  73560 GPS 
2025   1  73590 GPS 
2025   1  73620 GPS 
2025   1  73650 GPS 
2025   1  73680 GPS 
2025   1  73710 GPS 
2025   1  73740 GPS 
2025   1  73770 GPS 
2025   1  73800 GPS 
2025   1  73830 GPS 
2025   1  73860 GPS 
2025   1  73890 GPS 
2025   1  73920 GPS 
2025   1  73950 GPS 
2025   1  73980 GPS 
2025   1  74010 GPS 
2025   1  74040 GPS 
2025   1  74070 GPS 
2025   1  74100 GPS 
2025   1  74130 GPS 
2025   1  74160 GPS 
2025   1  74190 GPS 
2025   1  74220 GPS 
2025   1  74250 GPS 
2025   1  74280 GPS 
2025   1  74310 GPS 
2025   1  74340 GPS 
2025   1  74370 GPS 
2025   1  74400 GPS 
2025   1  74430 GPS 
2025   1  74460 GPS 
2025   1  74490 GPS 
2025   1  74520 GPS 
2025   1  74550 GPS 
2025   1  74580 GPS 
2025   1  74610 GPS 
2025   1  74640 GPS 
2025   1  74670 GPS 
2025   1  74700 GPS 
2025   1  74730 GPS 
2025   1  74760 GPS 
2025   1  74790 GPS 
2025   1  74820 GPS 
2025   1  74850 GPS 
2025   1  74880 GPS 
2025   1  74910 GPS 
2025   1  74940 GPS 
2025   1  74970 GPS 
2025   1  75000 GPS 
2025   1  75030 GPS 
2025   1  75060 GPS 
2025   1  75090 GPS 
2025   1  75120 GPS 
2025   1  75150 GPS 
2025   1  75180 GPS 
2025   1  75210 GPS 
2025   1  75240 GPS 
2025   1  75270 GPS 
2025   1  75300 GPS 
2025   1  75330 GPS 
2025   1  75360 GPS 
2025   1  75390 GPS 
2025   1  75420 GPS 
2025   1  75450 GPS 
2025   1  75480 GPS 
2025   1  75510 GPS 
2025   1  75540 GPS 
2025   1  75570 GPS 
2025   1  75600 GPS 
2025   1  75630 GPS 
2025   1  75660 GPS 
2025   1  75690 GPS 
2025   1  75720 GPS 
2025   1  75750 GPS 
2025   1  75780 GPS 
2025   1  75810 GPS 
2025   1  75840 GPS 
2025   1  75870 GPS 
2025   1  75900 GPS 
2025   1  75930 GPS 
2025   1  75960 GPS 
2025   1  75990 GPS 
2025   1  76020 GPS 
2025   1  76050 GPS 
2025   1  76080 GPS 
2025   1  76110 GPS 
2025   1  76140 GPS 
2025   1  76170 GPS 
2025   1  76200 GPS 
2025   1  76230 GPS 
2025   1  76260 GPS 
2025   1  76290 GPS 
2025   1  76320 GPS 
2025   1  76350 GPS 
2025   1  76380 GPS 
2025   1  76410 GPS 
2025   1  76440 GPS 
2025   1  76470 GPS 
2025   1  76500 GPS 
2025   1  76530 GPS 
2025   1  76560 GPS 
2025   1  76590 GPS 
2025   1  76620 GPS 
2025   1  76650 GPS 
2025   1  76680 GPS 
2025   1  76710 GPS 
2025   1  76740 GPS 
2025   1  76770 GPS 
2025   1  76800 GPS 
2025   1  76830 GPS 
2025   1  76860 GPS 
2025   1  76890 GPS 
2025   1  76920 GPS 
2025   1  76950 GPS 
2025   1  76980 GPS 
2025   1  77010 GPS 
2025   1  77040 GPS 
2025   1  77070 GPS 
2025   1  77100 GPS 
2025   1  77130 GPS 
2025   1  77160 GPS 
2025   1  77190 GPS 
2025   1  77220 GPS 
2025   1  77250 GPS 
2025   1  77280 GPS 
2025   1  77310 GPS 
2025   1  77340 GPS 
2025   1  77370 GPS 
2025   1  77400 GPS 
2025   1  77430 GPS 
2025   1  77460 GPS 
2025   1  77490 GPS 
2025   1  77520 GPS 
2025   1  77550 GPS 
2025   1  77580 GPS 
2025   1  77610 GPS 
2025   1  77640 GPS 
2025   1  77670 GPS 
2025   1  77700 GPS 
2025   1  77730 GPS 
2025   1  77760 GPS 
2025   1  77790 GPS 
2025   1  77820 GPS 
2025   1  77850 GPS 
2025   1  77880 GPS 
2025   1  77910 GPS 
2025   1  77940 GPS 
2025   1  77970 GPS 
2025   1  78000 GPS 
2025   1  78030 GPS 
2025   1  78060 GPS 
2025   1  78090 GPS 
2025   1  78120 GPS 
2025   1  78150 GPS 
2025   1  78180 GPS 
2025   1  78210 GPS 
2025   1  78240 GPS 
2025   1  78270 GPS 
2025   1  78300 GPS 
2025   1  78330 GPS 
2025   1  78360 GPS 
2025   1  78390 GPS 
2025   1  78420 GPS 
2025   1  78450 GPS 
2025   1  78480 GPS 
2025   1  78510 GPS 
2025   1  78540 GPS 
2025   1  78570 GPS 
2025   1  78600 GPS 
2025   1  78630 GPS 
2025   1  78660 GPS 
2025   1  78690 GPS 
2025   1  78720 GPS 
2025   1  78750 GPS 
2025   1  78780 GPS 
2025   1  78810 GPS 
2025   1  78840 GPS 
2025   1  78870 GPS 
2025   1  78900 GPS 
2025   1  78930 GPS 
2025   1  78960 GPS 
2025   1  78990 GPS 
2025   1  79020 GPS 
2025   1  79050 GPS 
2025   1  79080 GPS 
2025   1  79110 GPS 
2025   1  79140 GPS 
2025   1  79170 GPS 
2025   1  79200 GPS 
2025   1  79230 GPS 
2025   1  79260 GPS 
2025   1  79290 GPS 
2025   1  79320 GPS 
2025   1  79350 GPS 
2025   1  79380 GPS 
2025   1  79410 GPS 
2025   1  79440 GPS 
2025   1  79470 GPS 
2025   1  79500 GPS 
2025   1  79530 GPS 
2025   1  79560 GPS 
2025   1  79590 GPS 
2025   1  79620 GPS 
2025   1  79650 GPS 
2025   1  79680 GPS 
2025   1  79710 GPS 
2025   1  79740 GPS 
2025   1  79770 GPS 
2025   1  79800 GPS 
2025   1  79830 GPS 
2025   1  79860 GPS 
2025   1  79890 GPS 
2025   1  79920 GPS 
2025   1  79950 GPS 
2025   1  79980 GPS 
2025   1  80010 GPS 
2025   1  80040 GPS 
2025   1  80070 GPS 
2025   1  80100 GPS 
2025   1  80130 GPS 
2025   1  80160 GPS 
2025   1  80190 GPS 
2025   1  80220 GPS 
2025   1  80250 GPS 
2025   1  80280 GPS 
2025   1  80310 GPS 
2025   1  80340 GPS 
2025   1  80370 GPS 
2025   1  80400 GPS 
2025   1  80430 GPS 
2025   1  80460 GPS 
2025   1  80490 GPS 
2025   1  80520 GPS 
2025   1  80550 GPS 
2025   1  80580 GPS 
2025   1  80610 GPS 
2025   1  80640 GPS 
2025   1  80670 GPS 
2025   1  80700 GPS 
2025   1  80730 GPS 
2025   1  80760 GPS 
2025   1  80790 GPS 
2025   1  80820 GPS 
2025   1  80850 GPS 
2025   1  80880 GPS 
2025   1  80910 GPS 
2025   1  80940 GPS 
2025   1  80970 GPS 
2025   1  81000 GPS 
2025   1  81030 GPS 
2025   1  81060 GPS 
2025   1  81090 GPS 
2025   1  81120 GPS 
2025   1  81150 GPS 
2025   1  81180 GPS 
2025   1  81210 GPS 
2025   1  81240 GPS 
2025   1  81270 GPS 
2025   1  81300 GPS 
2025   1  81330 GPS 
2025   1  81360 GPS 
2025   1  81390 GPS 
2025   1  81420 GPS 
2025   1  81450 GPS 
2025   1  81480 GPS 
2025   1  81510 GPS 
2025   1  81540 GPS 
2025   1  81570 GPS 
2025   1  81600 GPS 
2025   1  81630 GPS 
2025   1  81660 GPS 
2025   1  81690 GPS 
2025   1  81720 GPS 
2025   1  81750 GPS 
2025   1  81780 GPS 
2025   1  81810 GPS 
2025   1  81840 GPS 
2025   1  81870 GPS 
2025   1  81900 GPS 
2025   1  81930 GPS 
2025   1  81960 GPS 
2025   1  81990 GPS 
2025   1  82020 GPS 
2025   1  82050 GPS 
2025   1  82080 GPS 
2025   1  82110 GPS 
2025   1  82140 GPS 
2025   1  82170 GPS 
2025   1  82200 GPS 
2025   1  82230 GPS 
2025   1  82260 GPS 
2025   1  82290 GPS 
2025   1  82320 GPS 
2025   1  82350 GPS 
2025   1  82380 GPS 
2025   1  82410 GPS 
2025   1  82440 GPS 
2025   1  82470 GPS 
2025   1  82500 GPS 
2025   1  82530 GPS 
2025   1  82560 GPS 
2025   1  82590 GPS 
2025   1  82620 GPS 
2025   1  82650 GPS 
2025   1  82680 GPS 
2025   1  82710 GPS 
2025   1  82740 GPS 
2025   1  82770 GPS 
2025   1  82800 GPS 
2025   1  82830 GPS 
2025   1  82860 GPS 
2025   1  82890 GPS 
2025   1  82920 GPS 
2025   1  82950 GPS 
2025   1  82980 GPS 
2025   1  83010 GPS 
2025   1  83040 GPS 
2025   1  83070 GPS 
2025   1  83100 GPS 
2025   1  83130 GPS 
2025   1  83160 GPS 
2025   1  83190 GPS 
2025   1  83220 GPS 
2025   1  83250 GPS 
2025   1  83280 GPS 
2025   1  83310 GPS 
2025   1  83340 GPS 
2025   1  83370 GPS 
2025   1  83400 GPS 
2025   1  83430 GPS 
2025   1  83460 GPS 
2025   1  83490 GPS 
2025   1  83520 GPS 
2025   1  83550 GPS 
2025   1  83580 GPS 
2025   1  83610 GPS 
2025   1  83640 GPS 
2025   1  83670 GPS 
2025   1  83700 GPS 
2025   1  83730 GPS 
2025   1  83760 GPS 
2025   1  83790 GPS 
2025   1  83820 GPS 
2025   1  83850 GPS 
2025   1  83880 GPS 
2025   1  83910 GPS 
2025   1  83940 GPS 
2025   1  83970 GPS 
2025   1  84000 GPS 
2025   1  84030 GPS 
2025   1  84060 GPS 
2025   1  84090 GPS 
2025   1  84120 GPS 
2025   1  84150 GPS 
2025   1  84180 GPS 
2025   1  84210 GPS 
2025   1  84240 GPS 
2025   1  84270 GPS 
2025   1  84300 GPS 
2025   1  84330 GPS 
2025   1  84360 GPS 
2025   1  84390 GPS 
2025   1  84420 GPS 
2025   1  84450 GPS 
2025   1  84480 GPS 
2025   1  84510 GPS 
2025   1  84540 GPS 
2025   1  84570 GPS 
2025   1  84600 GPS 
2025   1  84630 GPS 
2025   1  84660 GPS 
2025   1  84690 GPS 
2025   1  84720 GPS 
2025   1  84750 GPS 
2025   1  84780 GPS 
2025   1  84810 GPS 
2025   1  84840 GPS 
2025   1  84870 GPS 
2025   1  84900 GPS 
2025   1  84930 GPS 
2025   1  84960 GPS 
2025   1  84990 GPS 
2025   1  85020 GPS 
2025   1  85050 GPS 
2025   1  85080 GPS 
2025   1  85110 GPS 
2025   1  85140 GPS 
2025   1  85170 GPS 
2025   1  85200 GPS 
2025   1  85230 GPS 
2025   1  85260 GPS 
2025   1  85290 GPS 
2025   1  85320 GPS 
2025   1  85350 GPS 
2025   1  85380 GPS 
2025   1  85410 GPS 
2025   1  85440 GPS 
2025   1  85470 GPS 
2025   1  85500 GPS 
2025   1  85530 GPS 
2025   1  85560 GPS 
2025   1  85590 GPS 
2025   1  85620 GPS 
2025   1  85650 GPS 
2025   1  85680 GPS 
2025   1  85710 GPS 
2025   1  85740 GPS 
2025   1  85770 GPS 
2025   1  85800 GPS 
2025   1  85830 GPS 
2025   1  85860 GPS 
2025   1  85890 GPS 
2025   1  85920 GPS 
2025   1  85950 GPS 
2025   1  85980 GPS 
2025   1  86010 GPS 
2025   1  86040 GPS 
2025   1  86070 GPS 
2025   1  86100 GPS 
2025   1  86130 GPS 
2025   1  86160 GPS 
2025   1  86190 GPS 
2025   1  86220 GPS 
2025   1  86250 GPS 
2025   1  86280 GPS 
2025   1  86310 GPS 
2025   1  86340 GPS 
2025   1  86370 GPS 
